[     229ms] [LOG] [Fast Refresh] done in 291ms @ http://localhost:3100/_next/static/chunks/20ao_next_dist_02i55k0._.js:776
[     460ms] [INFO] %cDownload the React DevTools for a better development experience: https://react.dev/link/react-devtools font-weight:bold @ http://localhost:3100/_next/static/chunks/20ao_next_dist_02i55k0._.js:776
[     518ms] [LOG] [HMR] connected @ http://localhost:3100/_next/static/chunks/20ao_next_dist_02i55k0._.js:776
[   61696ms] [LOG] [Fast Refresh] rebuilding @ http://localhost:3100/_next/static/chunks/20ao_next_dist_02i55k0._.js:776
[   61836ms] [LOG] [Fast Refresh] done in 184ms @ http://localhost:3100/_next/static/chunks/20ao_next_dist_02i55k0._.js:776
[   61925ms] [LOG] [Fast Refresh] done in 184ms @ http://localhost:3100/_next/static/chunks/20ao_next_dist_02i55k0._.js:776
[  115696ms] [LOG] [Fast Refresh] done in 184ms @ http://localhost:3100/_next/static/chunks/20ao_next_dist_02i55k0._.js:776
[ 2702089ms] [LOG] [Fast Refresh] rebuilding @ http://localhost:3100/_next/static/chunks/20ao_next_dist_02i55k0._.js:776
[ 2702572ms] [LOG] [Fast Refresh] done in 501ms @ http://localhost:3100/_next/static/chunks/20ao_next_dist_02i55k0._.js:776
[ 2702786ms] [LOG] [Fast Refresh] done in 501ms @ http://localhost:3100/_next/static/chunks/20ao_next_dist_02i55k0._.js:776
[ 2713988ms] [LOG] [Fast Refresh] rebuilding @ http://localhost:3100/_next/static/chunks/20ao_next_dist_02i55k0._.js:776
[ 2714362ms] [LOG] [Fast Refresh] done in 416ms @ http://localhost:3100/_next/static/chunks/20ao_next_dist_02i55k0._.js:776
[ 2714465ms] [LOG] [Fast Refresh] done in 416ms @ http://localhost:3100/_next/static/chunks/20ao_next_dist_02i55k0._.js:776
[ 2715439ms] [LOG] [Fast Refresh] done in 1521ms @ http://localhost:3100/_next/static/chunks/20ao_next_dist_02i55k0._.js:776
[ 2724640ms] [LOG] [Fast Refresh] rebuilding @ http://localhost:3100/_next/static/chunks/20ao_next_dist_02i55k0._.js:776
[ 2724725ms] [LOG] [Fast Refresh] done in 122ms @ http://localhost:3100/_next/static/chunks/20ao_next_dist_02i55k0._.js:776
[ 2724884ms] [LOG] [Fast Refresh] done in 122ms @ http://localhost:3100/_next/static/chunks/20ao_next_dist_02i55k0._.js:776
[ 3159102ms] [LOG] [Fast Refresh] done in 122ms @ http://localhost:3100/_next/static/chunks/20ao_next_dist_02i55k0._.js:776
[ 3694639ms] [LOG] [Fast Refresh] rebuilding @ http://localhost:3100/_next/static/chunks/20ao_next_dist_02i55k0._.js:776
[ 3694913ms] [LOG] [Fast Refresh] done in 386ms @ http://localhost:3100/_next/static/chunks/20ao_next_dist_02i55k0._.js:776
[ 5570930ms] [LOG] [Fast Refresh] rebuilding @ http://localhost:3100/_next/static/chunks/20ao_next_dist_02i55k0._.js:776
[ 5571511ms] [LOG] [Fast Refresh] done in 514ms @ http://localhost:3100/_next/static/chunks/20ao_next_dist_02i55k0._.js:776
[ 5571611ms] [LOG] [Fast Refresh] done in 514ms @ http://localhost:3100/_next/static/chunks/20ao_next_dist_02i55k0._.js:776
[ 5581741ms] [LOG] [Fast Refresh] rebuilding @ http://localhost:3100/_next/static/chunks/20ao_next_dist_02i55k0._.js:776
[ 5582230ms] [LOG] [Fast Refresh] done in 579ms @ http://localhost:3100/_next/static/chunks/20ao_next_dist_02i55k0._.js:776
[ 5582298ms] [LOG] [Fast Refresh] done in 579ms @ http://localhost:3100/_next/static/chunks/20ao_next_dist_02i55k0._.js:776
[ 5780112ms] [LOG] [Fast Refresh] rebuilding @ http://localhost:3100/_next/static/chunks/20ao_next_dist_02i55k0._.js:776
[ 5780312ms] [LOG] [Fast Refresh] done in 201ms @ http://localhost:3100/_next/static/chunks/20ao_next_dist_02i55k0._.js:776
[ 5780628ms] [LOG] [Fast Refresh] done in 201ms @ http://localhost:3100/_next/static/chunks/20ao_next_dist_02i55k0._.js:776
[ 5780646ms] [LOG] [Fast Refresh] done in 201ms @ http://localhost:3100/_next/static/chunks/20ao_next_dist_02i55k0._.js:776
[ 5791686ms] [LOG] [Fast Refresh] rebuilding @ http://localhost:3100/_next/static/chunks/20ao_next_dist_02i55k0._.js:776
[ 5792235ms] [LOG] [Fast Refresh] done in 576ms @ http://localhost:3100/_next/static/chunks/20ao_next_dist_02i55k0._.js:776
[ 5792347ms] [LOG] [Fast Refresh] done in 576ms @ http://localhost:3100/_next/static/chunks/20ao_next_dist_02i55k0._.js:776
[ 5831275ms] [LOG] [Fast Refresh] rebuilding @ http://localhost:3100/_next/static/chunks/20ao_next_dist_02i55k0._.js:776
[ 5831420ms] [LOG] [Fast Refresh] done in 259ms @ http://localhost:3100/_next/static/chunks/20ao_next_dist_02i55k0._.js:776
[ 5896232ms] [LOG] [Fast Refresh] rebuilding @ http://localhost:3100/_next/static/chunks/20ao_next_dist_02i55k0._.js:776
[ 5896560ms] [LOG] [Fast Refresh] done in 210ms @ http://localhost:3100/_next/static/chunks/20ao_next_dist_02i55k0._.js:776
[ 5896581ms] [LOG] [Fast Refresh] done in 210ms @ http://localhost:3100/_next/static/chunks/20ao_next_dist_02i55k0._.js:776
[ 5913848ms] [LOG] [Fast Refresh] rebuilding @ http://localhost:3100/_next/static/chunks/20ao_next_dist_02i55k0._.js:776
[ 5914381ms] [LOG] [Fast Refresh] done in 649ms @ http://localhost:3100/_next/static/chunks/20ao_next_dist_02i55k0._.js:776
[ 5914476ms] [LOG] [Fast Refresh] done in 649ms @ http://localhost:3100/_next/static/chunks/20ao_next_dist_02i55k0._.js:776
[ 5916004ms] [LOG] [Fast Refresh] rebuilding @ http://localhost:3100/_next/static/chunks/20ao_next_dist_02i55k0._.js:776
[ 5916149ms] [LOG] [Fast Refresh] done in 156ms @ http://localhost:3100/_next/static/chunks/20ao_next_dist_02i55k0._.js:776
[ 5925023ms] [LOG] [Fast Refresh] rebuilding @ http://localhost:3100/_next/static/chunks/20ao_next_dist_02i55k0._.js:776
[ 5925036ms] [LOG] [Fast Refresh] done in 14ms @ http://localhost:3100/_next/static/chunks/20ao_next_dist_02i55k0._.js:776
[ 5925076ms] [LOG] [Fast Refresh] done in 14ms @ http://localhost:3100/_next/static/chunks/20ao_next_dist_02i55k0._.js:776
[ 5925117ms] [LOG] [Fast Refresh] done in 14ms @ http://localhost:3100/_next/static/chunks/20ao_next_dist_02i55k0._.js:776
[ 5926115ms] [LOG] [Fast Refresh] done in 14ms @ http://localhost:3100/_next/static/chunks/20ao_next_dist_02i55k0._.js:776
[ 5934601ms] [LOG] [Fast Refresh] rebuilding @ http://localhost:3100/_next/static/chunks/20ao_next_dist_02i55k0._.js:776
[ 5935066ms] ReferenceError: Button is not defined
    at UserBlock (http://localhost:3100/_next/static/chunks/apps_frontend_src_1e0bsiz._.js?id=%255Bproject%255D/apps/frontend/src/components/dashboard/app-sidebar.tsx+%255Bapp-client%255D+(ecmascript):163:285)
    at Object.react_stack_bottom_frame (http://localhost:3100/_next/static/chunks/20ao_next_dist_compiled_react-dom_1d-l63g._.js:14894:24)
    at renderWithHooks (http://localhost:3100/_next/static/chunks/20ao_next_dist_compiled_react-dom_1d-l63g._.js:4425:24)
    at updateFunctionComponent (http://localhost:3100/_next/static/chunks/20ao_next_dist_compiled_react-dom_1d-l63g._.js:5892:21)
    at beginWork (http://localhost:3100/_next/static/chunks/20ao_next_dist_compiled_react-dom_1d-l63g._.js:6518:24)
    at runWithFiberInDEV (http://localhost:3100/_next/static/chunks/20ao_next_dist_compiled_react-dom_1d-l63g._.js:761:74)
    at performUnitOfWork (http://localhost:3100/_next/static/chunks/20ao_next_dist_compiled_react-dom_1d-l63g._.js:9385:97)
    at workLoopSync (http://localhost:3100/_next/static/chunks/20ao_next_dist_compiled_react-dom_1d-l63g._.js:9279:40)
    at renderRootSync (http://localhost:3100/_next/static/chunks/20ao_next_dist_compiled_react-dom_1d-l63g._.js:9263:13)
    at performWorkOnRoot (http://localhost:3100/_next/static/chunks/20ao_next_dist_compiled_react-dom_1d-l63g._.js:8928:47)
    at performSyncWorkOnRoot (http://localhost:3100/_next/static/chunks/20ao_next_dist_compiled_react-dom_1d-l63g._.js:10093:9)
    at flushSyncWorkAcrossRoots_impl (http://localhost:3100/_next/static/chunks/20ao_next_dist_compiled_react-dom_1d-l63g._.js:10009:316)
    at flushSyncWork$1 (http://localhost:3100/_next/static/chunks/20ao_next_dist_compiled_react-dom_1d-l63g._.js:9060:86)
    at Object.scheduleRefresh (http://localhost:3100/_next/static/chunks/20ao_next_dist_compiled_react-dom_1d-l63g._.js:82:13)
    at http://localhost:3100/_next/static/chunks/20ao_next_dist_compiled_1pios26._.js:589:33
    at Set.forEach (<anonymous>)
    at Object.performReactRefresh (http://localhost:3100/_next/static/chunks/20ao_next_dist_compiled_1pios26._.js:582:38)
    at applyUpdate (http://localhost:3100/_next/static/chunks/20ao_next_dist_compiled_1pios26._.js:137:31)
    at http://localhost:3100/_next/static/chunks/20ao_next_dist_compiled_1pios26._.js:145:13
[ 5935187ms] [LOG] [Fast Refresh] done in 673ms @ http://localhost:3100/_next/static/chunks/20ao_next_dist_02i55k0._.js:776
[ 5935274ms] [LOG] [Fast Refresh] done in 673ms @ http://localhost:3100/_next/static/chunks/20ao_next_dist_02i55k0._.js:776
[ 5935383ms] [LOG] [Fast Refresh] done in 673ms @ http://localhost:3100/_next/static/chunks/20ao_next_dist_02i55k0._.js:776
[ 5935446ms] [LOG] [Fast Refresh] done in 673ms @ http://localhost:3100/_next/static/chunks/20ao_next_dist_02i55k0._.js:776
[ 5935557ms] [ERROR] Failed to load resource: the server responded with a status of 500 (Internal Server Error) @ http://localhost:3100/dashboard:0
[ 5935728ms] [INFO] %cDownload the React DevTools for a better development experience: https://react.dev/link/react-devtools font-weight:bold @ http://localhost:3100/_next/static/chunks/20ao_next_dist_02i55k0._.js:776
[ 5935817ms] [LOG] [HMR] connected @ http://localhost:3100/_next/static/chunks/20ao_next_dist_02i55k0._.js:776
[ 5935986ms] [ERROR] Encountered a script tag while rendering React component. Scripts inside React components are never executed when rendering on the client. Consider using template tag instead (https://developer.mozilla.org/en-US/docs/Web/HTML/Element/template). @ http://localhost:3100/_next/static/chunks/20ao_next_dist_02i55k0._.js:1052
[ 5936395ms] ReferenceError: Button is not defined
    at UserBlock (http://localhost:3100/_next/static/chunks/apps_frontend_src_1e0bsiz._.js:830:285)
    at Object.react_stack_bottom_frame (http://localhost:3100/_next/static/chunks/20ao_next_dist_compiled_react-dom_1d-l63g._.js:14894:24)
    at renderWithHooks (http://localhost:3100/_next/static/chunks/20ao_next_dist_compiled_react-dom_1d-l63g._.js:4425:24)
    at updateFunctionComponent (http://localhost:3100/_next/static/chunks/20ao_next_dist_compiled_react-dom_1d-l63g._.js:5892:21)
    at beginWork (http://localhost:3100/_next/static/chunks/20ao_next_dist_compiled_react-dom_1d-l63g._.js:6518:24)
    at runWithFiberInDEV (http://localhost:3100/_next/static/chunks/20ao_next_dist_compiled_react-dom_1d-l63g._.js:761:74)
    at performUnitOfWork (http://localhost:3100/_next/static/chunks/20ao_next_dist_compiled_react-dom_1d-l63g._.js:9385:97)
    at workLoopSync (http://localhost:3100/_next/static/chunks/20ao_next_dist_compiled_react-dom_1d-l63g._.js:9279:40)
    at renderRootSync (http://localhost:3100/_next/static/chunks/20ao_next_dist_compiled_react-dom_1d-l63g._.js:9263:13)
    at performWorkOnRoot (http://localhost:3100/_next/static/chunks/20ao_next_dist_compiled_react-dom_1d-l63g._.js:8928:47)
    at performWorkOnRootViaSchedulerTask (http://localhost:3100/_next/static/chunks/20ao_next_dist_compiled_react-dom_1d-l63g._.js:10085:9)
    at MessagePort.performWorkUntilDeadline (http://localhost:3100/_next/static/chunks/20ao_next_dist_compiled_1pios26._.js:2647:64)
[ 5952208ms] [LOG] [Fast Refresh] rebuilding @ http://localhost:3100/_next/static/chunks/20ao_next_dist_02i55k0._.js:776
[ 5952262ms] [LOG] [Fast Refresh] done in 117ms @ http://localhost:3100/_next/static/chunks/20ao_next_dist_02i55k0._.js:776
[ 5952432ms] [LOG] [Fast Refresh] done in 117ms @ http://localhost:3100/_next/static/chunks/20ao_next_dist_02i55k0._.js:776
[ 5952558ms] [LOG] [Fast Refresh] done in 117ms @ http://localhost:3100/_next/static/chunks/20ao_next_dist_02i55k0._.js:776
[ 5952893ms] [INFO] %cDownload the React DevTools for a better development experience: https://react.dev/link/react-devtools font-weight:bold @ http://localhost:3100/_next/static/chunks/20ao_next_dist_02i55k0._.js:776
[ 5953079ms] [LOG] [HMR] connected @ http://localhost:3100/_next/static/chunks/20ao_next_dist_02i55k0._.js:776
[ 5953201ms] [LOG] [Fast Refresh] rebuilding @ http://localhost:3100/_next/static/chunks/20ao_next_dist_02i55k0._.js:776
[ 5953622ms] [LOG] [Fast Refresh] done in 521ms @ http://localhost:3100/_next/static/chunks/20ao_next_dist_02i55k0._.js:776
[ 5964363ms] [LOG] [Fast Refresh] rebuilding @ http://localhost:3100/_next/static/chunks/20ao_next_dist_02i55k0._.js:776
[ 5964766ms] [LOG] [Fast Refresh] done in 453ms @ http://localhost:3100/_next/static/chunks/20ao_next_dist_02i55k0._.js:776
[ 5964856ms] [LOG] [Fast Refresh] done in 453ms @ http://localhost:3100/_next/static/chunks/20ao_next_dist_02i55k0._.js:776
[ 5972813ms] [LOG] [Fast Refresh] rebuilding @ http://localhost:3100/_next/static/chunks/20ao_next_dist_02i55k0._.js:776
[ 5972823ms] [LOG] [Fast Refresh] done in 114ms @ http://localhost:3100/_next/static/chunks/20ao_next_dist_02i55k0._.js:776
[ 5973047ms] [LOG] [Fast Refresh] rebuilding @ http://localhost:3100/_next/static/chunks/20ao_next_dist_02i55k0._.js:776
[ 5973100ms] [LOG] [Fast Refresh] done in 38ms @ http://localhost:3100/_next/static/chunks/20ao_next_dist_02i55k0._.js:776
[ 5973177ms] [LOG] [Fast Refresh] done in 38ms @ http://localhost:3100/_next/static/chunks/20ao_next_dist_02i55k0._.js:776
[ 5983665ms] [LOG] [Fast Refresh] done in 10616ms @ http://localhost:3100/_next/static/chunks/20ao_next_dist_02i55k0._.js:776
[ 5984025ms] [LOG] [Fast Refresh] rebuilding @ http://localhost:3100/_next/static/chunks/20ao_next_dist_02i55k0._.js:776
[ 5984066ms] [LOG] [Fast Refresh] done in 26ms @ http://localhost:3100/_next/static/chunks/20ao_next_dist_02i55k0._.js:776
[ 5991236ms] [LOG] [Fast Refresh] done in 7204ms @ http://localhost:3100/_next/static/chunks/20ao_next_dist_02i55k0._.js:776
[ 5991271ms] [LOG] [Fast Refresh] done in 7204ms @ http://localhost:3100/_next/static/chunks/20ao_next_dist_02i55k0._.js:776
[ 6000301ms] [LOG] [Fast Refresh] done in 16253ms @ http://localhost:3100/_next/static/chunks/20ao_next_dist_02i55k0._.js:776
[ 6095243ms] [LOG] [Fast Refresh] rebuilding @ http://localhost:3100/_next/static/chunks/20ao_next_dist_02i55k0._.js:776
[ 6095394ms] [LOG] [Fast Refresh] done in 160ms @ http://localhost:3100/_next/static/chunks/20ao_next_dist_02i55k0._.js:776
[ 6240035ms] [LOG] [Fast Refresh] rebuilding @ http://localhost:3100/_next/static/chunks/20ao_next_dist_02i55k0._.js:776
[ 6240513ms] [LOG] [Fast Refresh] done in 553ms @ http://localhost:3100/_next/static/chunks/20ao_next_dist_02i55k0._.js:776
[ 6240661ms] [LOG] [Fast Refresh] done in 553ms @ http://localhost:3100/_next/static/chunks/20ao_next_dist_02i55k0._.js:776
[ 6256496ms] [LOG] [Fast Refresh] rebuilding @ http://localhost:3100/_next/static/chunks/20ao_next_dist_02i55k0._.js:776
[ 6256769ms] [LOG] [Fast Refresh] done in 313ms @ http://localhost:3100/_next/static/chunks/20ao_next_dist_02i55k0._.js:776
[ 6256866ms] [LOG] [Fast Refresh] done in 313ms @ http://localhost:3100/_next/static/chunks/20ao_next_dist_02i55k0._.js:776
[ 6276533ms] [LOG] [Fast Refresh] rebuilding @ http://localhost:3100/_next/static/chunks/20ao_next_dist_02i55k0._.js:776
[ 6276894ms] [LOG] [Fast Refresh] done in 400ms @ http://localhost:3100/_next/static/chunks/20ao_next_dist_02i55k0._.js:776
[ 6276989ms] [LOG] [Fast Refresh] done in 400ms @ http://localhost:3100/_next/static/chunks/20ao_next_dist_02i55k0._.js:776
[ 6284217ms] [LOG] [Fast Refresh] rebuilding @ http://localhost:3100/_next/static/chunks/20ao_next_dist_02i55k0._.js:776
[ 6284262ms] [LOG] [Fast Refresh] done in 39ms @ http://localhost:3100/_next/static/chunks/20ao_next_dist_02i55k0._.js:776
[ 6396699ms] [LOG] [Fast Refresh] rebuilding @ http://localhost:3100/_next/static/chunks/20ao_next_dist_02i55k0._.js:776
[ 6396804ms] [LOG] [Fast Refresh] done in 43ms @ http://localhost:3100/_next/static/chunks/20ao_next_dist_02i55k0._.js:776
[ 6396866ms] [LOG] [Fast Refresh] done in 43ms @ http://localhost:3100/_next/static/chunks/20ao_next_dist_02i55k0._.js:776
[ 6455215ms] [LOG] [Fast Refresh] done in 43ms @ http://localhost:3100/_next/static/chunks/20ao_next_dist_02i55k0._.js:776
[ 6455264ms] [LOG] [Fast Refresh] done in 43ms @ http://localhost:3100/_next/static/chunks/20ao_next_dist_02i55k0._.js:776
[ 6455322ms] [LOG] [Fast Refresh] done in 43ms @ http://localhost:3100/_next/static/chunks/20ao_next_dist_02i55k0._.js:776
[ 6455369ms] [LOG] [Fast Refresh] done in 43ms @ http://localhost:3100/_next/static/chunks/20ao_next_dist_02i55k0._.js:776
[ 6455431ms] [LOG] [Fast Refresh] done in 43ms @ http://localhost:3100/_next/static/chunks/20ao_next_dist_02i55k0._.js:776
[ 6455495ms] [LOG] [Fast Refresh] done in 43ms @ http://localhost:3100/_next/static/chunks/20ao_next_dist_02i55k0._.js:776
[ 6455591ms] [LOG] [Fast Refresh] done in 43ms @ http://localhost:3100/_next/static/chunks/20ao_next_dist_02i55k0._.js:776
[ 6455646ms] [LOG] [Fast Refresh] done in 43ms @ http://localhost:3100/_next/static/chunks/20ao_next_dist_02i55k0._.js:776
[ 6455739ms] [LOG] [Fast Refresh] done in 43ms @ http://localhost:3100/_next/static/chunks/20ao_next_dist_02i55k0._.js:776
[ 6606700ms] [LOG] [Fast Refresh] done in 43ms @ http://localhost:3100/_next/static/chunks/20ao_next_dist_02i55k0._.js:776
[ 6607164ms] [LOG] [Fast Refresh] rebuilding @ http://localhost:3100/_next/static/chunks/20ao_next_dist_02i55k0._.js:776
[ 6607223ms] [LOG] [Fast Refresh] done in 163ms @ http://localhost:3100/_next/static/chunks/20ao_next_dist_02i55k0._.js:776
